(UTLetNonRecIn (None,
   ((Range.Normal ("parser_test.saty", 3, 4, 3, 6)), (UTPVariable "xs")),
   (UTListCons ((UTIntegerConstant 1),
      (UTListCons ((UTIntegerConstant 2),
         (UTListCons ((UTIntegerConstant 3), UTEndOfList))))
      )),
   (UTLetNonRecIn (None,
      ((Range.Normal ("parser_test.saty", 4, 4, 4, 6)), (UTPVariable "ys")),
      (UTListCons ((UTIntegerConstant 1),
         (UTListCons ((UTIntegerConstant 2),
            (UTListCons ((UTIntegerConstant 3), UTEndOfList))))
         )),
      (UTLetNonRecIn (None,
         ((Range.Normal ("parser_test.saty", 6, 4, 6, 6)), (UTPVariable "r0")),
         (UTRecord []),
         (UTLetNonRecIn (None,
            ((Range.Normal ("parser_test.saty", 7, 4, 7, 6)),
             (UTPVariable "r1")),
            (UTRecord [("x", (UTIntegerConstant 1))]),
            (UTLetNonRecIn (None,
               ((Range.Normal ("parser_test.saty", 8, 4, 8, 6)),
                (UTPVariable "r2")),
               (UTRecord
                  [("x", (UTIntegerConstant 1)); ("y", (UTIntegerConstant 2))
                    ]),
               (UTLetNonRecIn (None,
                  ((Range.Normal ("parser_test.saty", 9, 4, 9, 10)),
                   (UTPVariable "r2semi")),
                  (UTRecord
                     [("x", (UTIntegerConstant 1));
                       ("y", (UTIntegerConstant 2))]),
                  (UTLetNonRecIn (None,
                     ((Range.Normal ("parser_test.saty", 11, 4, 11, 7)),
                      (UTPVariable "tp2")),
                     (UTTuple [(UTIntegerConstant 1); (UTIntegerConstant 2)]),
                     (UTLetNonRecIn (None,
                        ((Range.Normal ("parser_test.saty", 12, 4, 12, 7)),
                         (UTPVariable "tp3")),
                        (UTTuple
                           [(UTIntegerConstant 1); (UTIntegerConstant 2);
                             (UTIntegerConstant 3)]),
                        UTFinishHeaderFile))
                     ))
                  ))
               ))
            ))
         ))
      ))
   ))
