saphe: ^0.0.1
locks:
- name: registered.6f2b80e9bb7c4e8af2104999fc25dbb3.font-ipa-ex.0.0.1
  dependencies: []
  test_only: false
  registered:
    registry_hash_value: 6f2b80e9bb7c4e8af2104999fc25dbb3
    package_name: font-ipa-ex
    version: 0.0.1
- name: registered.6f2b80e9bb7c4e8af2104999fc25dbb3.font-junicode.0.0.1
  dependencies: []
  test_only: false
  registered:
    registry_hash_value: 6f2b80e9bb7c4e8af2104999fc25dbb3
    package_name: font-junicode
    version: 0.0.1
- name: registered.6f2b80e9bb7c4e8af2104999fc25dbb3.font-latin-modern-math.0.0.1
  dependencies: []
  test_only: false
  registered:
    registry_hash_value: 6f2b80e9bb7c4e8af2104999fc25dbb3
    package_name: font-latin-modern-math
    version: 0.0.1
dependencies:
- name: registered.6f2b80e9bb7c4e8af2104999fc25dbb3.font-ipa-ex.0.0.1
  used_as: FontIpaEx
- name: registered.6f2b80e9bb7c4e8af2104999fc25dbb3.font-junicode.0.0.1
  used_as: FontJunicode
- name: registered.6f2b80e9bb7c4e8af2104999fc25dbb3.font-latin-modern-math.0.0.1
  used_as: FontLatinModernMath
test_dependencies: []
